MPLINK 5.08, LINKER
Linker Map File - Created Mon Mar 07 18:35:38 2016

                                 Section Info
                  Section       Type    Address   Location Size(Bytes)
                ---------  ---------  ---------  ---------  ---------
                   .org_0       code   0x000000    program   0x000004
                   .cinit    romdata   0x000002    program   0x000004
                   .org_1       code   0x000004    program   0x0006b8
.config_2007_BUILD/DEFAULT/DEBUG/RELOJ.O       code   0x002007    program   0x000002
               .udata_shr      udata   0x00000c       data   0x00001b



                              Program Memory Usage 
                               Start         End      
                           ---------   ---------      
                            0x000000    0x00035f      
                            0x002007    0x002007      
            865 out of 1094 program addresses used, program memory utilization is 79%



                              Symbols - Sorted by Name
                     Name    Address   Location    Storage File                     
                ---------  ---------  ---------  --------- ---------                
                ANIMATING   0x00003a    program     static D:\Documents\UVG\2016\7mo Semestre\Microcontroladores Aplicados a la Industria\POV_CLK.X\Reloj.asm
          ANIMATION_DELAY   0x00002f    program     static D:\Documents\UVG\2016\7mo Semestre\Microcontroladores Aplicados a la Industria\POV_CLK.X\Reloj.asm
     ANIMATION_DELAY_LOOP   0x000032    program     static D:\Documents\UVG\2016\7mo Semestre\Microcontroladores Aplicados a la Industria\POV_CLK.X\Reloj.asm
        ANIMATION_DISPLAY   0x000146    program     static D:\Documents\UVG\2016\7mo Semestre\Microcontroladores Aplicados a la Industria\POV_CLK.X\Reloj.asm
           ANIMATION_EVEN   0x00014a    program     static D:\Documents\UVG\2016\7mo Semestre\Microcontroladores Aplicados a la Industria\POV_CLK.X\Reloj.asm
                  BLANK_1   0x0000a2    program     static D:\Documents\UVG\2016\7mo Semestre\Microcontroladores Aplicados a la Industria\POV_CLK.X\Reloj.asm
                  BLANK_2   0x0000c0    program     static D:\Documents\UVG\2016\7mo Semestre\Microcontroladores Aplicados a la Industria\POV_CLK.X\Reloj.asm
                  BLANK_3   0x0000c7    program     static D:\Documents\UVG\2016\7mo Semestre\Microcontroladores Aplicados a la Industria\POV_CLK.X\Reloj.asm
                  BLANK_4   0x0000e5    program     static D:\Documents\UVG\2016\7mo Semestre\Microcontroladores Aplicados a la Industria\POV_CLK.X\Reloj.asm
                  BLANK_5   0x000103    program     static D:\Documents\UVG\2016\7mo Semestre\Microcontroladores Aplicados a la Industria\POV_CLK.X\Reloj.asm
                  BLANK_6   0x00010a    program     static D:\Documents\UVG\2016\7mo Semestre\Microcontroladores Aplicados a la Industria\POV_CLK.X\Reloj.asm
                  BLANK_7   0x000128    program     static D:\Documents\UVG\2016\7mo Semestre\Microcontroladores Aplicados a la Industria\POV_CLK.X\Reloj.asm
               CASE_EIGHT   0x000353    program     static D:\Documents\UVG\2016\7mo Semestre\Microcontroladores Aplicados a la Industria\POV_CLK.X\Reloj.asm
                CASE_FIVE   0x00034d    program     static D:\Documents\UVG\2016\7mo Semestre\Microcontroladores Aplicados a la Industria\POV_CLK.X\Reloj.asm
                CASE_FOUR   0x00034b    program     static D:\Documents\UVG\2016\7mo Semestre\Microcontroladores Aplicados a la Industria\POV_CLK.X\Reloj.asm
                CASE_NINE   0x000355    program     static D:\Documents\UVG\2016\7mo Semestre\Microcontroladores Aplicados a la Industria\POV_CLK.X\Reloj.asm
                 CASE_ONE   0x000345    program     static D:\Documents\UVG\2016\7mo Semestre\Microcontroladores Aplicados a la Industria\POV_CLK.X\Reloj.asm
               CASE_SEVEN   0x000351    program     static D:\Documents\UVG\2016\7mo Semestre\Microcontroladores Aplicados a la Industria\POV_CLK.X\Reloj.asm
                 CASE_SIX   0x00034f    program     static D:\Documents\UVG\2016\7mo Semestre\Microcontroladores Aplicados a la Industria\POV_CLK.X\Reloj.asm
               CASE_THREE   0x000349    program     static D:\Documents\UVG\2016\7mo Semestre\Microcontroladores Aplicados a la Industria\POV_CLK.X\Reloj.asm
                 CASE_TWO   0x000347    program     static D:\Documents\UVG\2016\7mo Semestre\Microcontroladores Aplicados a la Industria\POV_CLK.X\Reloj.asm
                CASE_ZERO   0x000343    program     static D:\Documents\UVG\2016\7mo Semestre\Microcontroladores Aplicados a la Industria\POV_CLK.X\Reloj.asm
    CHECK_ANIMATION_STATE   0x00002d    program     static D:\Documents\UVG\2016\7mo Semestre\Microcontroladores Aplicados a la Industria\POV_CLK.X\Reloj.asm
          CHECK_HOURS_INC   0x00003d    program     static D:\Documents\UVG\2016\7mo Semestre\Microcontroladores Aplicados a la Industria\POV_CLK.X\Reloj.asm
            CHECK_HOURS_T   0x000097    program     static D:\Documents\UVG\2016\7mo Semestre\Microcontroladores Aplicados a la Industria\POV_CLK.X\Reloj.asm
            CHECK_HOURS_U   0x0000a9    program     static D:\Documents\UVG\2016\7mo Semestre\Microcontroladores Aplicados a la Industria\POV_CLK.X\Reloj.asm
        CHECK_MINUTES_INC   0x00003b    program     static D:\Documents\UVG\2016\7mo Semestre\Microcontroladores Aplicados a la Industria\POV_CLK.X\Reloj.asm
          CHECK_MINUTES_T   0x0000ce    program     static D:\Documents\UVG\2016\7mo Semestre\Microcontroladores Aplicados a la Industria\POV_CLK.X\Reloj.asm
          CHECK_MINUTES_U   0x0000ec    program     static D:\Documents\UVG\2016\7mo Semestre\Microcontroladores Aplicados a la Industria\POV_CLK.X\Reloj.asm
          CHECK_SECONDS_T   0x000111    program     static D:\Documents\UVG\2016\7mo Semestre\Microcontroladores Aplicados a la Industria\POV_CLK.X\Reloj.asm
          CHECK_SECONDS_U   0x00012f    program     static D:\Documents\UVG\2016\7mo Semestre\Microcontroladores Aplicados a la Industria\POV_CLK.X\Reloj.asm
                    COLON   0x000317    program     static D:\Documents\UVG\2016\7mo Semestre\Microcontroladores Aplicados a la Industria\POV_CLK.X\Reloj.asm
   COLUMN_COUNTER_CONTROL   0x00000f    program     static D:\Documents\UVG\2016\7mo Semestre\Microcontroladores Aplicados a la Industria\POV_CLK.X\Reloj.asm
     COLUMN_INDEX_CONTROL   0x000018    program     static D:\Documents\UVG\2016\7mo Semestre\Microcontroladores Aplicados a la Industria\POV_CLK.X\Reloj.asm
        COUNTER_INCREMENT   0x000014    program     static D:\Documents\UVG\2016\7mo Semestre\Microcontroladores Aplicados a la Industria\POV_CLK.X\Reloj.asm
            COUNTER_RESET   0x000016    program     static D:\Documents\UVG\2016\7mo Semestre\Microcontroladores Aplicados a la Industria\POV_CLK.X\Reloj.asm
                  DEFAULT   0x000357    program     static D:\Documents\UVG\2016\7mo Semestre\Microcontroladores Aplicados a la Industria\POV_CLK.X\Reloj.asm
                    EIGHT   0x000308    program     static D:\Documents\UVG\2016\7mo Semestre\Microcontroladores Aplicados a la Industria\POV_CLK.X\Reloj.asm
            EMPTY_SPACE_2   0x0000b9    program     static D:\Documents\UVG\2016\7mo Semestre\Microcontroladores Aplicados a la Industria\POV_CLK.X\Reloj.asm
            EMPTY_SPACE_3   0x0000de    program     static D:\Documents\UVG\2016\7mo Semestre\Microcontroladores Aplicados a la Industria\POV_CLK.X\Reloj.asm
            EMPTY_SPACE_4   0x0000fc    program     static D:\Documents\UVG\2016\7mo Semestre\Microcontroladores Aplicados a la Industria\POV_CLK.X\Reloj.asm
            EMPTY_SPACE_5   0x000121    program     static D:\Documents\UVG\2016\7mo Semestre\Microcontroladores Aplicados a la Industria\POV_CLK.X\Reloj.asm
            EMPTY_SPACE_6   0x00013f    program     static D:\Documents\UVG\2016\7mo Semestre\Microcontroladores Aplicados a la Industria\POV_CLK.X\Reloj.asm
                 EQUAL_14   0x0000d9    program     static D:\Documents\UVG\2016\7mo Semestre\Microcontroladores Aplicados a la Industria\POV_CLK.X\Reloj.asm
                 EQUAL_20   0x0000f7    program     static D:\Documents\UVG\2016\7mo Semestre\Microcontroladores Aplicados a la Industria\POV_CLK.X\Reloj.asm
                 EQUAL_27   0x00011c    program     static D:\Documents\UVG\2016\7mo Semestre\Microcontroladores Aplicados a la Industria\POV_CLK.X\Reloj.asm
                 EQUAL_33   0x00013a    program     static D:\Documents\UVG\2016\7mo Semestre\Microcontroladores Aplicados a la Industria\POV_CLK.X\Reloj.asm
                  EQUAL_7   0x0000b4    program     static D:\Documents\UVG\2016\7mo Semestre\Microcontroladores Aplicados a la Industria\POV_CLK.X\Reloj.asm
                     EXIT   0x00014b    program     static D:\Documents\UVG\2016\7mo Semestre\Microcontroladores Aplicados a la Industria\POV_CLK.X\Reloj.asm
                     FIVE   0x0002ee    program     static D:\Documents\UVG\2016\7mo Semestre\Microcontroladores Aplicados a la Industria\POV_CLK.X\Reloj.asm
                     FOUR   0x0002e5    program     static D:\Documents\UVG\2016\7mo Semestre\Microcontroladores Aplicados a la Industria\POV_CLK.X\Reloj.asm
                 HALF_OFF   0x000143    program     static D:\Documents\UVG\2016\7mo Semestre\Microcontroladores Aplicados a la Industria\POV_CLK.X\Reloj.asm
              HOURS_DELAY   0x000057    program     static D:\Documents\UVG\2016\7mo Semestre\Microcontroladores Aplicados a la Industria\POV_CLK.X\Reloj.asm
         HOURS_DELAY_LOOP   0x00005a    program     static D:\Documents\UVG\2016\7mo Semestre\Microcontroladores Aplicados a la Industria\POV_CLK.X\Reloj.asm
          HOURS_INCREMENT   0x00005e    program     static D:\Documents\UVG\2016\7mo Semestre\Microcontroladores Aplicados a la Industria\POV_CLK.X\Reloj.asm
          INDEX_INCREMENT   0x00001d    program     static D:\Documents\UVG\2016\7mo Semestre\Microcontroladores Aplicados a la Industria\POV_CLK.X\Reloj.asm
              INDEX_RESET   0x00001f    program     static D:\Documents\UVG\2016\7mo Semestre\Microcontroladores Aplicados a la Industria\POV_CLK.X\Reloj.asm
              MAINPROGRAM   0x000092    program     static D:\Documents\UVG\2016\7mo Semestre\Microcontroladores Aplicados a la Industria\POV_CLK.X\Reloj.asm
            MINUTES_DELAY   0x000048    program     static D:\Documents\UVG\2016\7mo Semestre\Microcontroladores Aplicados a la Industria\POV_CLK.X\Reloj.asm
       MINUTES_DELAY_LOOP   0x00004b    program     static D:\Documents\UVG\2016\7mo Semestre\Microcontroladores Aplicados a la Industria\POV_CLK.X\Reloj.asm
        MINUTES_INCREMENT   0x00004f    program     static D:\Documents\UVG\2016\7mo Semestre\Microcontroladores Aplicados a la Industria\POV_CLK.X\Reloj.asm
                     NINE   0x00030f    program     static D:\Documents\UVG\2016\7mo Semestre\Microcontroladores Aplicados a la Industria\POV_CLK.X\Reloj.asm
                      ONE   0x0002cd    program     static D:\Documents\UVG\2016\7mo Semestre\Microcontroladores Aplicados a la Industria\POV_CLK.X\Reloj.asm
                      POP   0x000066    program     static D:\Documents\UVG\2016\7mo Semestre\Microcontroladores Aplicados a la Industria\POV_CLK.X\Reloj.asm
                     PUSH   0x000004    program     static D:\Documents\UVG\2016\7mo Semestre\Microcontroladores Aplicados a la Industria\POV_CLK.X\Reloj.asm
                      RBI   0x00002a    program     static D:\Documents\UVG\2016\7mo Semestre\Microcontroladores Aplicados a la Industria\POV_CLK.X\Reloj.asm
         RUNNING_MAN_EVEN   0x00035c    program     static D:\Documents\UVG\2016\7mo Semestre\Microcontroladores Aplicados a la Industria\POV_CLK.X\Reloj.asm
          RUNNING_MAN_ODD   0x000358    program     static D:\Documents\UVG\2016\7mo Semestre\Microcontroladores Aplicados a la Industria\POV_CLK.X\Reloj.asm
          SECONDS_CONTROL   0x000021    program     static D:\Documents\UVG\2016\7mo Semestre\Microcontroladores Aplicados a la Industria\POV_CLK.X\Reloj.asm
        SECONDS_INCREMENT   0x000040    program     static D:\Documents\UVG\2016\7mo Semestre\Microcontroladores Aplicados a la Industria\POV_CLK.X\Reloj.asm
                    SETUP   0x00006e    program     static D:\Documents\UVG\2016\7mo Semestre\Microcontroladores Aplicados a la Industria\POV_CLK.X\Reloj.asm
                    SEVEN   0x000300    program     static D:\Documents\UVG\2016\7mo Semestre\Microcontroladores Aplicados a la Industria\POV_CLK.X\Reloj.asm
                      SIX   0x0002f7    program     static D:\Documents\UVG\2016\7mo Semestre\Microcontroladores Aplicados a la Industria\POV_CLK.X\Reloj.asm
         SMALLER_EQUAL_10   0x0000ae    program     static D:\Documents\UVG\2016\7mo Semestre\Microcontroladores Aplicados a la Industria\POV_CLK.X\Reloj.asm
         SMALLER_EQUAL_17   0x0000d3    program     static D:\Documents\UVG\2016\7mo Semestre\Microcontroladores Aplicados a la Industria\POV_CLK.X\Reloj.asm
         SMALLER_EQUAL_23   0x0000f1    program     static D:\Documents\UVG\2016\7mo Semestre\Microcontroladores Aplicados a la Industria\POV_CLK.X\Reloj.asm
         SMALLER_EQUAL_30   0x000116    program     static D:\Documents\UVG\2016\7mo Semestre\Microcontroladores Aplicados a la Industria\POV_CLK.X\Reloj.asm
         SMALLER_EQUAL_36   0x000134    program     static D:\Documents\UVG\2016\7mo Semestre\Microcontroladores Aplicados a la Industria\POV_CLK.X\Reloj.asm
              SPLIT_HOURS   0x00016c    program     static D:\Documents\UVG\2016\7mo Semestre\Microcontroladores Aplicados a la Industria\POV_CLK.X\Reloj.asm
       SPLIT_HOURS_BORROW   0x000179    program     static D:\Documents\UVG\2016\7mo Semestre\Microcontroladores Aplicados a la Industria\POV_CLK.X\Reloj.asm
         SPLIT_HOURS_LOOP   0x00016f    program     static D:\Documents\UVG\2016\7mo Semestre\Microcontroladores Aplicados a la Industria\POV_CLK.X\Reloj.asm
         SPLIT_HOURS_ZERO   0x000177    program     static D:\Documents\UVG\2016\7mo Semestre\Microcontroladores Aplicados a la Industria\POV_CLK.X\Reloj.asm
            SPLIT_MINUTES   0x00015c    program     static D:\Documents\UVG\2016\7mo Semestre\Microcontroladores Aplicados a la Industria\POV_CLK.X\Reloj.asm
     SPLIT_MINUTES_BORROW   0x000169    program     static D:\Documents\UVG\2016\7mo Semestre\Microcontroladores Aplicados a la Industria\POV_CLK.X\Reloj.asm
       SPLIT_MINUTES_LOOP   0x00015f    program     static D:\Documents\UVG\2016\7mo Semestre\Microcontroladores Aplicados a la Industria\POV_CLK.X\Reloj.asm
       SPLIT_MINUTES_ZERO   0x000167    program     static D:\Documents\UVG\2016\7mo Semestre\Microcontroladores Aplicados a la Industria\POV_CLK.X\Reloj.asm
            SPLIT_SECONDS   0x00014c    program     static D:\Documents\UVG\2016\7mo Semestre\Microcontroladores Aplicados a la Industria\POV_CLK.X\Reloj.asm
     SPLIT_SECONDS_BORROW   0x000159    program     static D:\Documents\UVG\2016\7mo Semestre\Microcontroladores Aplicados a la Industria\POV_CLK.X\Reloj.asm
       SPLIT_SECONDS_LOOP   0x00014f    program     static D:\Documents\UVG\2016\7mo Semestre\Microcontroladores Aplicados a la Industria\POV_CLK.X\Reloj.asm
       SPLIT_SECONDS_ZERO   0x000157    program     static D:\Documents\UVG\2016\7mo Semestre\Microcontroladores Aplicados a la Industria\POV_CLK.X\Reloj.asm
               SWITCHCASE   0x00031a    program     static D:\Documents\UVG\2016\7mo Semestre\Microcontroladores Aplicados a la Industria\POV_CLK.X\Reloj.asm
                    THREE   0x0002dc    program     static D:\Documents\UVG\2016\7mo Semestre\Microcontroladores Aplicados a la Industria\POV_CLK.X\Reloj.asm
                      TWO   0x0002d3    program     static D:\Documents\UVG\2016\7mo Semestre\Microcontroladores Aplicados a la Industria\POV_CLK.X\Reloj.asm
                     ZERO   0x0002c6    program     static D:\Documents\UVG\2016\7mo Semestre\Microcontroladores Aplicados a la Industria\POV_CLK.X\Reloj.asm
          display_hours_t   0x00017c    program     static D:\Documents\UVG\2016\7mo Semestre\Microcontroladores Aplicados a la Industria\POV_CLK.X\Reloj.asm
          display_hours_u   0x0001b3    program     static D:\Documents\UVG\2016\7mo Semestre\Microcontroladores Aplicados a la Industria\POV_CLK.X\Reloj.asm
        display_minutes_t   0x0001ea    program     static D:\Documents\UVG\2016\7mo Semestre\Microcontroladores Aplicados a la Industria\POV_CLK.X\Reloj.asm
        display_minutes_u   0x000221    program     static D:\Documents\UVG\2016\7mo Semestre\Microcontroladores Aplicados a la Industria\POV_CLK.X\Reloj.asm
        display_seconds_t   0x000258    program     static D:\Documents\UVG\2016\7mo Semestre\Microcontroladores Aplicados a la Industria\POV_CLK.X\Reloj.asm
        display_seconds_u   0x00028f    program     static D:\Documents\UVG\2016\7mo Semestre\Microcontroladores Aplicados a la Industria\POV_CLK.X\Reloj.asm
                hours_t_1   0x000183    program     static D:\Documents\UVG\2016\7mo Semestre\Microcontroladores Aplicados a la Industria\POV_CLK.X\Reloj.asm
                hours_t_2   0x00018c    program     static D:\Documents\UVG\2016\7mo Semestre\Microcontroladores Aplicados a la Industria\POV_CLK.X\Reloj.asm
                hours_t_3   0x000199    program     static D:\Documents\UVG\2016\7mo Semestre\Microcontroladores Aplicados a la Industria\POV_CLK.X\Reloj.asm
                hours_t_4   0x0001a6    program     static D:\Documents\UVG\2016\7mo Semestre\Microcontroladores Aplicados a la Industria\POV_CLK.X\Reloj.asm
                hours_u_1   0x0001ba    program     static D:\Documents\UVG\2016\7mo Semestre\Microcontroladores Aplicados a la Industria\POV_CLK.X\Reloj.asm
                hours_u_2   0x0001c3    program     static D:\Documents\UVG\2016\7mo Semestre\Microcontroladores Aplicados a la Industria\POV_CLK.X\Reloj.asm
                hours_u_3   0x0001d0    program     static D:\Documents\UVG\2016\7mo Semestre\Microcontroladores Aplicados a la Industria\POV_CLK.X\Reloj.asm
                hours_u_4   0x0001dd    program     static D:\Documents\UVG\2016\7mo Semestre\Microcontroladores Aplicados a la Industria\POV_CLK.X\Reloj.asm
              minutes_t_1   0x0001f1    program     static D:\Documents\UVG\2016\7mo Semestre\Microcontroladores Aplicados a la Industria\POV_CLK.X\Reloj.asm
              minutes_t_2   0x0001fa    program     static D:\Documents\UVG\2016\7mo Semestre\Microcontroladores Aplicados a la Industria\POV_CLK.X\Reloj.asm
              minutes_t_3   0x000207    program     static D:\Documents\UVG\2016\7mo Semestre\Microcontroladores Aplicados a la Industria\POV_CLK.X\Reloj.asm
              minutes_t_4   0x000214    program     static D:\Documents\UVG\2016\7mo Semestre\Microcontroladores Aplicados a la Industria\POV_CLK.X\Reloj.asm
              minutes_u_1   0x000228    program     static D:\Documents\UVG\2016\7mo Semestre\Microcontroladores Aplicados a la Industria\POV_CLK.X\Reloj.asm
              minutes_u_2   0x000231    program     static D:\Documents\UVG\2016\7mo Semestre\Microcontroladores Aplicados a la Industria\POV_CLK.X\Reloj.asm
              minutes_u_3   0x00023e    program     static D:\Documents\UVG\2016\7mo Semestre\Microcontroladores Aplicados a la Industria\POV_CLK.X\Reloj.asm
              minutes_u_4   0x00024b    program     static D:\Documents\UVG\2016\7mo Semestre\Microcontroladores Aplicados a la Industria\POV_CLK.X\Reloj.asm
              seconds_t_1   0x00025f    program     static D:\Documents\UVG\2016\7mo Semestre\Microcontroladores Aplicados a la Industria\POV_CLK.X\Reloj.asm
              seconds_t_2   0x000268    program     static D:\Documents\UVG\2016\7mo Semestre\Microcontroladores Aplicados a la Industria\POV_CLK.X\Reloj.asm
              seconds_t_3   0x000275    program     static D:\Documents\UVG\2016\7mo Semestre\Microcontroladores Aplicados a la Industria\POV_CLK.X\Reloj.asm
              seconds_t_4   0x000282    program     static D:\Documents\UVG\2016\7mo Semestre\Microcontroladores Aplicados a la Industria\POV_CLK.X\Reloj.asm
              seconds_u_1   0x000296    program     static D:\Documents\UVG\2016\7mo Semestre\Microcontroladores Aplicados a la Industria\POV_CLK.X\Reloj.asm
              seconds_u_2   0x00029f    program     static D:\Documents\UVG\2016\7mo Semestre\Microcontroladores Aplicados a la Industria\POV_CLK.X\Reloj.asm
              seconds_u_3   0x0002ac    program     static D:\Documents\UVG\2016\7mo Semestre\Microcontroladores Aplicados a la Industria\POV_CLK.X\Reloj.asm
              seconds_u_4   0x0002b9    program     static D:\Documents\UVG\2016\7mo Semestre\Microcontroladores Aplicados a la Industria\POV_CLK.X\Reloj.asm
                animation   0x000026       data     static D:\Documents\UVG\2016\7mo Semestre\Microcontroladores Aplicados a la Industria\POV_CLK.X\Reloj.asm
  animation_delay_counter   0x000024       data     static D:\Documents\UVG\2016\7mo Semestre\Microcontroladores Aplicados a la Industria\POV_CLK.X\Reloj.asm
animation_delay_counter_1   0x000025       data     static D:\Documents\UVG\2016\7mo Semestre\Microcontroladores Aplicados a la Industria\POV_CLK.X\Reloj.asm
           column_counter   0x000017       data     static D:\Documents\UVG\2016\7mo Semestre\Microcontroladores Aplicados a la Industria\POV_CLK.X\Reloj.asm
             column_index   0x000018       data     static D:\Documents\UVG\2016\7mo Semestre\Microcontroladores Aplicados a la Industria\POV_CLK.X\Reloj.asm
            delay_counter   0x00000c       data     static D:\Documents\UVG\2016\7mo Semestre\Microcontroladores Aplicados a la Industria\POV_CLK.X\Reloj.asm
          delay_counter_1   0x00000d       data     static D:\Documents\UVG\2016\7mo Semestre\Microcontroladores Aplicados a la Industria\POV_CLK.X\Reloj.asm
                    hours   0x000014       data     static D:\Documents\UVG\2016\7mo Semestre\Microcontroladores Aplicados a la Industria\POV_CLK.X\Reloj.asm
      hours_delay_counter   0x000022       data     static D:\Documents\UVG\2016\7mo Semestre\Microcontroladores Aplicados a la Industria\POV_CLK.X\Reloj.asm
    hours_delay_counter_1   0x000023       data     static D:\Documents\UVG\2016\7mo Semestre\Microcontroladores Aplicados a la Industria\POV_CLK.X\Reloj.asm
                  hours_t   0x000015       data     static D:\Documents\UVG\2016\7mo Semestre\Microcontroladores Aplicados a la Industria\POV_CLK.X\Reloj.asm
                  hours_u   0x000016       data     static D:\Documents\UVG\2016\7mo Semestre\Microcontroladores Aplicados a la Industria\POV_CLK.X\Reloj.asm
                  minutes   0x000011       data     static D:\Documents\UVG\2016\7mo Semestre\Microcontroladores Aplicados a la Industria\POV_CLK.X\Reloj.asm
    minutes_delay_counter   0x000020       data     static D:\Documents\UVG\2016\7mo Semestre\Microcontroladores Aplicados a la Industria\POV_CLK.X\Reloj.asm
  minutes_delay_counter_1   0x000021       data     static D:\Documents\UVG\2016\7mo Semestre\Microcontroladores Aplicados a la Industria\POV_CLK.X\Reloj.asm
                minutes_t   0x000012       data     static D:\Documents\UVG\2016\7mo Semestre\Microcontroladores Aplicados a la Industria\POV_CLK.X\Reloj.asm
                minutes_u   0x000013       data     static D:\Documents\UVG\2016\7mo Semestre\Microcontroladores Aplicados a la Industria\POV_CLK.X\Reloj.asm
                      msb   0x00001e       data     static D:\Documents\UVG\2016\7mo Semestre\Microcontroladores Aplicados a la Industria\POV_CLK.X\Reloj.asm
                  seconds   0x00000e       data     static D:\Documents\UVG\2016\7mo Semestre\Microcontroladores Aplicados a la Industria\POV_CLK.X\Reloj.asm
                seconds_t   0x00000f       data     static D:\Documents\UVG\2016\7mo Semestre\Microcontroladores Aplicados a la Industria\POV_CLK.X\Reloj.asm
                seconds_u   0x000010       data     static D:\Documents\UVG\2016\7mo Semestre\Microcontroladores Aplicados a la Industria\POV_CLK.X\Reloj.asm
             space_stripe   0x00001d       data     static D:\Documents\UVG\2016\7mo Semestre\Microcontroladores Aplicados a la Industria\POV_CLK.X\Reloj.asm
                 stripe_1   0x000019       data     static D:\Documents\UVG\2016\7mo Semestre\Microcontroladores Aplicados a la Industria\POV_CLK.X\Reloj.asm
                 stripe_2   0x00001a       data     static D:\Documents\UVG\2016\7mo Semestre\Microcontroladores Aplicados a la Industria\POV_CLK.X\Reloj.asm
                 stripe_3   0x00001b       data     static D:\Documents\UVG\2016\7mo Semestre\Microcontroladores Aplicados a la Industria\POV_CLK.X\Reloj.asm
                 stripe_4   0x00001c       data     static D:\Documents\UVG\2016\7mo Semestre\Microcontroladores Aplicados a la Industria\POV_CLK.X\Reloj.asm
                  xor_var   0x00001f       data     static D:\Documents\UVG\2016\7mo Semestre\Microcontroladores Aplicados a la Industria\POV_CLK.X\Reloj.asm



                              Symbols - Sorted by Address
                     Name    Address   Location    Storage File                     
                ---------  ---------  ---------  --------- ---------                
                     PUSH   0x000004    program     static D:\Documents\UVG\2016\7mo Semestre\Microcontroladores Aplicados a la Industria\POV_CLK.X\Reloj.asm
   COLUMN_COUNTER_CONTROL   0x00000f    program     static D:\Documents\UVG\2016\7mo Semestre\Microcontroladores Aplicados a la Industria\POV_CLK.X\Reloj.asm
        COUNTER_INCREMENT   0x000014    program     static D:\Documents\UVG\2016\7mo Semestre\Microcontroladores Aplicados a la Industria\POV_CLK.X\Reloj.asm
            COUNTER_RESET   0x000016    program     static D:\Documents\UVG\2016\7mo Semestre\Microcontroladores Aplicados a la Industria\POV_CLK.X\Reloj.asm
     COLUMN_INDEX_CONTROL   0x000018    program     static D:\Documents\UVG\2016\7mo Semestre\Microcontroladores Aplicados a la Industria\POV_CLK.X\Reloj.asm
          INDEX_INCREMENT   0x00001d    program     static D:\Documents\UVG\2016\7mo Semestre\Microcontroladores Aplicados a la Industria\POV_CLK.X\Reloj.asm
              INDEX_RESET   0x00001f    program     static D:\Documents\UVG\2016\7mo Semestre\Microcontroladores Aplicados a la Industria\POV_CLK.X\Reloj.asm
          SECONDS_CONTROL   0x000021    program     static D:\Documents\UVG\2016\7mo Semestre\Microcontroladores Aplicados a la Industria\POV_CLK.X\Reloj.asm
                      RBI   0x00002a    program     static D:\Documents\UVG\2016\7mo Semestre\Microcontroladores Aplicados a la Industria\POV_CLK.X\Reloj.asm
    CHECK_ANIMATION_STATE   0x00002d    program     static D:\Documents\UVG\2016\7mo Semestre\Microcontroladores Aplicados a la Industria\POV_CLK.X\Reloj.asm
          ANIMATION_DELAY   0x00002f    program     static D:\Documents\UVG\2016\7mo Semestre\Microcontroladores Aplicados a la Industria\POV_CLK.X\Reloj.asm
     ANIMATION_DELAY_LOOP   0x000032    program     static D:\Documents\UVG\2016\7mo Semestre\Microcontroladores Aplicados a la Industria\POV_CLK.X\Reloj.asm
                ANIMATING   0x00003a    program     static D:\Documents\UVG\2016\7mo Semestre\Microcontroladores Aplicados a la Industria\POV_CLK.X\Reloj.asm
        CHECK_MINUTES_INC   0x00003b    program     static D:\Documents\UVG\2016\7mo Semestre\Microcontroladores Aplicados a la Industria\POV_CLK.X\Reloj.asm
          CHECK_HOURS_INC   0x00003d    program     static D:\Documents\UVG\2016\7mo Semestre\Microcontroladores Aplicados a la Industria\POV_CLK.X\Reloj.asm
        SECONDS_INCREMENT   0x000040    program     static D:\Documents\UVG\2016\7mo Semestre\Microcontroladores Aplicados a la Industria\POV_CLK.X\Reloj.asm
            MINUTES_DELAY   0x000048    program     static D:\Documents\UVG\2016\7mo Semestre\Microcontroladores Aplicados a la Industria\POV_CLK.X\Reloj.asm
       MINUTES_DELAY_LOOP   0x00004b    program     static D:\Documents\UVG\2016\7mo Semestre\Microcontroladores Aplicados a la Industria\POV_CLK.X\Reloj.asm
        MINUTES_INCREMENT   0x00004f    program     static D:\Documents\UVG\2016\7mo Semestre\Microcontroladores Aplicados a la Industria\POV_CLK.X\Reloj.asm
              HOURS_DELAY   0x000057    program     static D:\Documents\UVG\2016\7mo Semestre\Microcontroladores Aplicados a la Industria\POV_CLK.X\Reloj.asm
         HOURS_DELAY_LOOP   0x00005a    program     static D:\Documents\UVG\2016\7mo Semestre\Microcontroladores Aplicados a la Industria\POV_CLK.X\Reloj.asm
          HOURS_INCREMENT   0x00005e    program     static D:\Documents\UVG\2016\7mo Semestre\Microcontroladores Aplicados a la Industria\POV_CLK.X\Reloj.asm
                      POP   0x000066    program     static D:\Documents\UVG\2016\7mo Semestre\Microcontroladores Aplicados a la Industria\POV_CLK.X\Reloj.asm
                    SETUP   0x00006e    program     static D:\Documents\UVG\2016\7mo Semestre\Microcontroladores Aplicados a la Industria\POV_CLK.X\Reloj.asm
              MAINPROGRAM   0x000092    program     static D:\Documents\UVG\2016\7mo Semestre\Microcontroladores Aplicados a la Industria\POV_CLK.X\Reloj.asm
            CHECK_HOURS_T   0x000097    program     static D:\Documents\UVG\2016\7mo Semestre\Microcontroladores Aplicados a la Industria\POV_CLK.X\Reloj.asm
                  BLANK_1   0x0000a2    program     static D:\Documents\UVG\2016\7mo Semestre\Microcontroladores Aplicados a la Industria\POV_CLK.X\Reloj.asm
            CHECK_HOURS_U   0x0000a9    program     static D:\Documents\UVG\2016\7mo Semestre\Microcontroladores Aplicados a la Industria\POV_CLK.X\Reloj.asm
         SMALLER_EQUAL_10   0x0000ae    program     static D:\Documents\UVG\2016\7mo Semestre\Microcontroladores Aplicados a la Industria\POV_CLK.X\Reloj.asm
                  EQUAL_7   0x0000b4    program     static D:\Documents\UVG\2016\7mo Semestre\Microcontroladores Aplicados a la Industria\POV_CLK.X\Reloj.asm
            EMPTY_SPACE_2   0x0000b9    program     static D:\Documents\UVG\2016\7mo Semestre\Microcontroladores Aplicados a la Industria\POV_CLK.X\Reloj.asm
                  BLANK_2   0x0000c0    program     static D:\Documents\UVG\2016\7mo Semestre\Microcontroladores Aplicados a la Industria\POV_CLK.X\Reloj.asm
                  BLANK_3   0x0000c7    program     static D:\Documents\UVG\2016\7mo Semestre\Microcontroladores Aplicados a la Industria\POV_CLK.X\Reloj.asm
          CHECK_MINUTES_T   0x0000ce    program     static D:\Documents\UVG\2016\7mo Semestre\Microcontroladores Aplicados a la Industria\POV_CLK.X\Reloj.asm
         SMALLER_EQUAL_17   0x0000d3    program     static D:\Documents\UVG\2016\7mo Semestre\Microcontroladores Aplicados a la Industria\POV_CLK.X\Reloj.asm
                 EQUAL_14   0x0000d9    program     static D:\Documents\UVG\2016\7mo Semestre\Microcontroladores Aplicados a la Industria\POV_CLK.X\Reloj.asm
            EMPTY_SPACE_3   0x0000de    program     static D:\Documents\UVG\2016\7mo Semestre\Microcontroladores Aplicados a la Industria\POV_CLK.X\Reloj.asm
                  BLANK_4   0x0000e5    program     static D:\Documents\UVG\2016\7mo Semestre\Microcontroladores Aplicados a la Industria\POV_CLK.X\Reloj.asm
          CHECK_MINUTES_U   0x0000ec    program     static D:\Documents\UVG\2016\7mo Semestre\Microcontroladores Aplicados a la Industria\POV_CLK.X\Reloj.asm
         SMALLER_EQUAL_23   0x0000f1    program     static D:\Documents\UVG\2016\7mo Semestre\Microcontroladores Aplicados a la Industria\POV_CLK.X\Reloj.asm
                 EQUAL_20   0x0000f7    program     static D:\Documents\UVG\2016\7mo Semestre\Microcontroladores Aplicados a la Industria\POV_CLK.X\Reloj.asm
            EMPTY_SPACE_4   0x0000fc    program     static D:\Documents\UVG\2016\7mo Semestre\Microcontroladores Aplicados a la Industria\POV_CLK.X\Reloj.asm
                  BLANK_5   0x000103    program     static D:\Documents\UVG\2016\7mo Semestre\Microcontroladores Aplicados a la Industria\POV_CLK.X\Reloj.asm
                  BLANK_6   0x00010a    program     static D:\Documents\UVG\2016\7mo Semestre\Microcontroladores Aplicados a la Industria\POV_CLK.X\Reloj.asm
          CHECK_SECONDS_T   0x000111    program     static D:\Documents\UVG\2016\7mo Semestre\Microcontroladores Aplicados a la Industria\POV_CLK.X\Reloj.asm
         SMALLER_EQUAL_30   0x000116    program     static D:\Documents\UVG\2016\7mo Semestre\Microcontroladores Aplicados a la Industria\POV_CLK.X\Reloj.asm
                 EQUAL_27   0x00011c    program     static D:\Documents\UVG\2016\7mo Semestre\Microcontroladores Aplicados a la Industria\POV_CLK.X\Reloj.asm
            EMPTY_SPACE_5   0x000121    program     static D:\Documents\UVG\2016\7mo Semestre\Microcontroladores Aplicados a la Industria\POV_CLK.X\Reloj.asm
                  BLANK_7   0x000128    program     static D:\Documents\UVG\2016\7mo Semestre\Microcontroladores Aplicados a la Industria\POV_CLK.X\Reloj.asm
          CHECK_SECONDS_U   0x00012f    program     static D:\Documents\UVG\2016\7mo Semestre\Microcontroladores Aplicados a la Industria\POV_CLK.X\Reloj.asm
         SMALLER_EQUAL_36   0x000134    program     static D:\Documents\UVG\2016\7mo Semestre\Microcontroladores Aplicados a la Industria\POV_CLK.X\Reloj.asm
                 EQUAL_33   0x00013a    program     static D:\Documents\UVG\2016\7mo Semestre\Microcontroladores Aplicados a la Industria\POV_CLK.X\Reloj.asm
            EMPTY_SPACE_6   0x00013f    program     static D:\Documents\UVG\2016\7mo Semestre\Microcontroladores Aplicados a la Industria\POV_CLK.X\Reloj.asm
                 HALF_OFF   0x000143    program     static D:\Documents\UVG\2016\7mo Semestre\Microcontroladores Aplicados a la Industria\POV_CLK.X\Reloj.asm
        ANIMATION_DISPLAY   0x000146    program     static D:\Documents\UVG\2016\7mo Semestre\Microcontroladores Aplicados a la Industria\POV_CLK.X\Reloj.asm
           ANIMATION_EVEN   0x00014a    program     static D:\Documents\UVG\2016\7mo Semestre\Microcontroladores Aplicados a la Industria\POV_CLK.X\Reloj.asm
                     EXIT   0x00014b    program     static D:\Documents\UVG\2016\7mo Semestre\Microcontroladores Aplicados a la Industria\POV_CLK.X\Reloj.asm
            SPLIT_SECONDS   0x00014c    program     static D:\Documents\UVG\2016\7mo Semestre\Microcontroladores Aplicados a la Industria\POV_CLK.X\Reloj.asm
       SPLIT_SECONDS_LOOP   0x00014f    program     static D:\Documents\UVG\2016\7mo Semestre\Microcontroladores Aplicados a la Industria\POV_CLK.X\Reloj.asm
       SPLIT_SECONDS_ZERO   0x000157    program     static D:\Documents\UVG\2016\7mo Semestre\Microcontroladores Aplicados a la Industria\POV_CLK.X\Reloj.asm
     SPLIT_SECONDS_BORROW   0x000159    program     static D:\Documents\UVG\2016\7mo Semestre\Microcontroladores Aplicados a la Industria\POV_CLK.X\Reloj.asm
            SPLIT_MINUTES   0x00015c    program     static D:\Documents\UVG\2016\7mo Semestre\Microcontroladores Aplicados a la Industria\POV_CLK.X\Reloj.asm
       SPLIT_MINUTES_LOOP   0x00015f    program     static D:\Documents\UVG\2016\7mo Semestre\Microcontroladores Aplicados a la Industria\POV_CLK.X\Reloj.asm
       SPLIT_MINUTES_ZERO   0x000167    program     static D:\Documents\UVG\2016\7mo Semestre\Microcontroladores Aplicados a la Industria\POV_CLK.X\Reloj.asm
     SPLIT_MINUTES_BORROW   0x000169    program     static D:\Documents\UVG\2016\7mo Semestre\Microcontroladores Aplicados a la Industria\POV_CLK.X\Reloj.asm
              SPLIT_HOURS   0x00016c    program     static D:\Documents\UVG\2016\7mo Semestre\Microcontroladores Aplicados a la Industria\POV_CLK.X\Reloj.asm
         SPLIT_HOURS_LOOP   0x00016f    program     static D:\Documents\UVG\2016\7mo Semestre\Microcontroladores Aplicados a la Industria\POV_CLK.X\Reloj.asm
         SPLIT_HOURS_ZERO   0x000177    program     static D:\Documents\UVG\2016\7mo Semestre\Microcontroladores Aplicados a la Industria\POV_CLK.X\Reloj.asm
       SPLIT_HOURS_BORROW   0x000179    program     static D:\Documents\UVG\2016\7mo Semestre\Microcontroladores Aplicados a la Industria\POV_CLK.X\Reloj.asm
          display_hours_t   0x00017c    program     static D:\Documents\UVG\2016\7mo Semestre\Microcontroladores Aplicados a la Industria\POV_CLK.X\Reloj.asm
                hours_t_1   0x000183    program     static D:\Documents\UVG\2016\7mo Semestre\Microcontroladores Aplicados a la Industria\POV_CLK.X\Reloj.asm
                hours_t_2   0x00018c    program     static D:\Documents\UVG\2016\7mo Semestre\Microcontroladores Aplicados a la Industria\POV_CLK.X\Reloj.asm
                hours_t_3   0x000199    program     static D:\Documents\UVG\2016\7mo Semestre\Microcontroladores Aplicados a la Industria\POV_CLK.X\Reloj.asm
                hours_t_4   0x0001a6    program     static D:\Documents\UVG\2016\7mo Semestre\Microcontroladores Aplicados a la Industria\POV_CLK.X\Reloj.asm
          display_hours_u   0x0001b3    program     static D:\Documents\UVG\2016\7mo Semestre\Microcontroladores Aplicados a la Industria\POV_CLK.X\Reloj.asm
                hours_u_1   0x0001ba    program     static D:\Documents\UVG\2016\7mo Semestre\Microcontroladores Aplicados a la Industria\POV_CLK.X\Reloj.asm
                hours_u_2   0x0001c3    program     static D:\Documents\UVG\2016\7mo Semestre\Microcontroladores Aplicados a la Industria\POV_CLK.X\Reloj.asm
                hours_u_3   0x0001d0    program     static D:\Documents\UVG\2016\7mo Semestre\Microcontroladores Aplicados a la Industria\POV_CLK.X\Reloj.asm
                hours_u_4   0x0001dd    program     static D:\Documents\UVG\2016\7mo Semestre\Microcontroladores Aplicados a la Industria\POV_CLK.X\Reloj.asm
        display_minutes_t   0x0001ea    program     static D:\Documents\UVG\2016\7mo Semestre\Microcontroladores Aplicados a la Industria\POV_CLK.X\Reloj.asm
              minutes_t_1   0x0001f1    program     static D:\Documents\UVG\2016\7mo Semestre\Microcontroladores Aplicados a la Industria\POV_CLK.X\Reloj.asm
              minutes_t_2   0x0001fa    program     static D:\Documents\UVG\2016\7mo Semestre\Microcontroladores Aplicados a la Industria\POV_CLK.X\Reloj.asm
              minutes_t_3   0x000207    program     static D:\Documents\UVG\2016\7mo Semestre\Microcontroladores Aplicados a la Industria\POV_CLK.X\Reloj.asm
              minutes_t_4   0x000214    program     static D:\Documents\UVG\2016\7mo Semestre\Microcontroladores Aplicados a la Industria\POV_CLK.X\Reloj.asm
        display_minutes_u   0x000221    program     static D:\Documents\UVG\2016\7mo Semestre\Microcontroladores Aplicados a la Industria\POV_CLK.X\Reloj.asm
              minutes_u_1   0x000228    program     static D:\Documents\UVG\2016\7mo Semestre\Microcontroladores Aplicados a la Industria\POV_CLK.X\Reloj.asm
              minutes_u_2   0x000231    program     static D:\Documents\UVG\2016\7mo Semestre\Microcontroladores Aplicados a la Industria\POV_CLK.X\Reloj.asm
              minutes_u_3   0x00023e    program     static D:\Documents\UVG\2016\7mo Semestre\Microcontroladores Aplicados a la Industria\POV_CLK.X\Reloj.asm
              minutes_u_4   0x00024b    program     static D:\Documents\UVG\2016\7mo Semestre\Microcontroladores Aplicados a la Industria\POV_CLK.X\Reloj.asm
        display_seconds_t   0x000258    program     static D:\Documents\UVG\2016\7mo Semestre\Microcontroladores Aplicados a la Industria\POV_CLK.X\Reloj.asm
              seconds_t_1   0x00025f    program     static D:\Documents\UVG\2016\7mo Semestre\Microcontroladores Aplicados a la Industria\POV_CLK.X\Reloj.asm
              seconds_t_2   0x000268    program     static D:\Documents\UVG\2016\7mo Semestre\Microcontroladores Aplicados a la Industria\POV_CLK.X\Reloj.asm
              seconds_t_3   0x000275    program     static D:\Documents\UVG\2016\7mo Semestre\Microcontroladores Aplicados a la Industria\POV_CLK.X\Reloj.asm
              seconds_t_4   0x000282    program     static D:\Documents\UVG\2016\7mo Semestre\Microcontroladores Aplicados a la Industria\POV_CLK.X\Reloj.asm
        display_seconds_u   0x00028f    program     static D:\Documents\UVG\2016\7mo Semestre\Microcontroladores Aplicados a la Industria\POV_CLK.X\Reloj.asm
              seconds_u_1   0x000296    program     static D:\Documents\UVG\2016\7mo Semestre\Microcontroladores Aplicados a la Industria\POV_CLK.X\Reloj.asm
              seconds_u_2   0x00029f    program     static D:\Documents\UVG\2016\7mo Semestre\Microcontroladores Aplicados a la Industria\POV_CLK.X\Reloj.asm
              seconds_u_3   0x0002ac    program     static D:\Documents\UVG\2016\7mo Semestre\Microcontroladores Aplicados a la Industria\POV_CLK.X\Reloj.asm
              seconds_u_4   0x0002b9    program     static D:\Documents\UVG\2016\7mo Semestre\Microcontroladores Aplicados a la Industria\POV_CLK.X\Reloj.asm
                     ZERO   0x0002c6    program     static D:\Documents\UVG\2016\7mo Semestre\Microcontroladores Aplicados a la Industria\POV_CLK.X\Reloj.asm
                      ONE   0x0002cd    program     static D:\Documents\UVG\2016\7mo Semestre\Microcontroladores Aplicados a la Industria\POV_CLK.X\Reloj.asm
                      TWO   0x0002d3    program     static D:\Documents\UVG\2016\7mo Semestre\Microcontroladores Aplicados a la Industria\POV_CLK.X\Reloj.asm
                    THREE   0x0002dc    program     static D:\Documents\UVG\2016\7mo Semestre\Microcontroladores Aplicados a la Industria\POV_CLK.X\Reloj.asm
                     FOUR   0x0002e5    program     static D:\Documents\UVG\2016\7mo Semestre\Microcontroladores Aplicados a la Industria\POV_CLK.X\Reloj.asm
                     FIVE   0x0002ee    program     static D:\Documents\UVG\2016\7mo Semestre\Microcontroladores Aplicados a la Industria\POV_CLK.X\Reloj.asm
                      SIX   0x0002f7    program     static D:\Documents\UVG\2016\7mo Semestre\Microcontroladores Aplicados a la Industria\POV_CLK.X\Reloj.asm
                    SEVEN   0x000300    program     static D:\Documents\UVG\2016\7mo Semestre\Microcontroladores Aplicados a la Industria\POV_CLK.X\Reloj.asm
                    EIGHT   0x000308    program     static D:\Documents\UVG\2016\7mo Semestre\Microcontroladores Aplicados a la Industria\POV_CLK.X\Reloj.asm
                     NINE   0x00030f    program     static D:\Documents\UVG\2016\7mo Semestre\Microcontroladores Aplicados a la Industria\POV_CLK.X\Reloj.asm
                    COLON   0x000317    program     static D:\Documents\UVG\2016\7mo Semestre\Microcontroladores Aplicados a la Industria\POV_CLK.X\Reloj.asm
               SWITCHCASE   0x00031a    program     static D:\Documents\UVG\2016\7mo Semestre\Microcontroladores Aplicados a la Industria\POV_CLK.X\Reloj.asm
                CASE_ZERO   0x000343    program     static D:\Documents\UVG\2016\7mo Semestre\Microcontroladores Aplicados a la Industria\POV_CLK.X\Reloj.asm
                 CASE_ONE   0x000345    program     static D:\Documents\UVG\2016\7mo Semestre\Microcontroladores Aplicados a la Industria\POV_CLK.X\Reloj.asm
                 CASE_TWO   0x000347    program     static D:\Documents\UVG\2016\7mo Semestre\Microcontroladores Aplicados a la Industria\POV_CLK.X\Reloj.asm
               CASE_THREE   0x000349    program     static D:\Documents\UVG\2016\7mo Semestre\Microcontroladores Aplicados a la Industria\POV_CLK.X\Reloj.asm
                CASE_FOUR   0x00034b    program     static D:\Documents\UVG\2016\7mo Semestre\Microcontroladores Aplicados a la Industria\POV_CLK.X\Reloj.asm
                CASE_FIVE   0x00034d    program     static D:\Documents\UVG\2016\7mo Semestre\Microcontroladores Aplicados a la Industria\POV_CLK.X\Reloj.asm
                 CASE_SIX   0x00034f    program     static D:\Documents\UVG\2016\7mo Semestre\Microcontroladores Aplicados a la Industria\POV_CLK.X\Reloj.asm
               CASE_SEVEN   0x000351    program     static D:\Documents\UVG\2016\7mo Semestre\Microcontroladores Aplicados a la Industria\POV_CLK.X\Reloj.asm
               CASE_EIGHT   0x000353    program     static D:\Documents\UVG\2016\7mo Semestre\Microcontroladores Aplicados a la Industria\POV_CLK.X\Reloj.asm
                CASE_NINE   0x000355    program     static D:\Documents\UVG\2016\7mo Semestre\Microcontroladores Aplicados a la Industria\POV_CLK.X\Reloj.asm
                  DEFAULT   0x000357    program     static D:\Documents\UVG\2016\7mo Semestre\Microcontroladores Aplicados a la Industria\POV_CLK.X\Reloj.asm
          RUNNING_MAN_ODD   0x000358    program     static D:\Documents\UVG\2016\7mo Semestre\Microcontroladores Aplicados a la Industria\POV_CLK.X\Reloj.asm
         RUNNING_MAN_EVEN   0x00035c    program     static D:\Documents\UVG\2016\7mo Semestre\Microcontroladores Aplicados a la Industria\POV_CLK.X\Reloj.asm
            delay_counter   0x00000c       data     static D:\Documents\UVG\2016\7mo Semestre\Microcontroladores Aplicados a la Industria\POV_CLK.X\Reloj.asm
          delay_counter_1   0x00000d       data     static D:\Documents\UVG\2016\7mo Semestre\Microcontroladores Aplicados a la Industria\POV_CLK.X\Reloj.asm
                  seconds   0x00000e       data     static D:\Documents\UVG\2016\7mo Semestre\Microcontroladores Aplicados a la Industria\POV_CLK.X\Reloj.asm
                seconds_t   0x00000f       data     static D:\Documents\UVG\2016\7mo Semestre\Microcontroladores Aplicados a la Industria\POV_CLK.X\Reloj.asm
                seconds_u   0x000010       data     static D:\Documents\UVG\2016\7mo Semestre\Microcontroladores Aplicados a la Industria\POV_CLK.X\Reloj.asm
                  minutes   0x000011       data     static D:\Documents\UVG\2016\7mo Semestre\Microcontroladores Aplicados a la Industria\POV_CLK.X\Reloj.asm
                minutes_t   0x000012       data     static D:\Documents\UVG\2016\7mo Semestre\Microcontroladores Aplicados a la Industria\POV_CLK.X\Reloj.asm
                minutes_u   0x000013       data     static D:\Documents\UVG\2016\7mo Semestre\Microcontroladores Aplicados a la Industria\POV_CLK.X\Reloj.asm
                    hours   0x000014       data     static D:\Documents\UVG\2016\7mo Semestre\Microcontroladores Aplicados a la Industria\POV_CLK.X\Reloj.asm
                  hours_t   0x000015       data     static D:\Documents\UVG\2016\7mo Semestre\Microcontroladores Aplicados a la Industria\POV_CLK.X\Reloj.asm
                  hours_u   0x000016       data     static D:\Documents\UVG\2016\7mo Semestre\Microcontroladores Aplicados a la Industria\POV_CLK.X\Reloj.asm
           column_counter   0x000017       data     static D:\Documents\UVG\2016\7mo Semestre\Microcontroladores Aplicados a la Industria\POV_CLK.X\Reloj.asm
             column_index   0x000018       data     static D:\Documents\UVG\2016\7mo Semestre\Microcontroladores Aplicados a la Industria\POV_CLK.X\Reloj.asm
                 stripe_1   0x000019       data     static D:\Documents\UVG\2016\7mo Semestre\Microcontroladores Aplicados a la Industria\POV_CLK.X\Reloj.asm
                 stripe_2   0x00001a       data     static D:\Documents\UVG\2016\7mo Semestre\Microcontroladores Aplicados a la Industria\POV_CLK.X\Reloj.asm
                 stripe_3   0x00001b       data     static D:\Documents\UVG\2016\7mo Semestre\Microcontroladores Aplicados a la Industria\POV_CLK.X\Reloj.asm
                 stripe_4   0x00001c       data     static D:\Documents\UVG\2016\7mo Semestre\Microcontroladores Aplicados a la Industria\POV_CLK.X\Reloj.asm
             space_stripe   0x00001d       data     static D:\Documents\UVG\2016\7mo Semestre\Microcontroladores Aplicados a la Industria\POV_CLK.X\Reloj.asm
                      msb   0x00001e       data     static D:\Documents\UVG\2016\7mo Semestre\Microcontroladores Aplicados a la Industria\POV_CLK.X\Reloj.asm
                  xor_var   0x00001f       data     static D:\Documents\UVG\2016\7mo Semestre\Microcontroladores Aplicados a la Industria\POV_CLK.X\Reloj.asm
    minutes_delay_counter   0x000020       data     static D:\Documents\UVG\2016\7mo Semestre\Microcontroladores Aplicados a la Industria\POV_CLK.X\Reloj.asm
  minutes_delay_counter_1   0x000021       data     static D:\Documents\UVG\2016\7mo Semestre\Microcontroladores Aplicados a la Industria\POV_CLK.X\Reloj.asm
      hours_delay_counter   0x000022       data     static D:\Documents\UVG\2016\7mo Semestre\Microcontroladores Aplicados a la Industria\POV_CLK.X\Reloj.asm
    hours_delay_counter_1   0x000023       data     static D:\Documents\UVG\2016\7mo Semestre\Microcontroladores Aplicados a la Industria\POV_CLK.X\Reloj.asm
  animation_delay_counter   0x000024       data     static D:\Documents\UVG\2016\7mo Semestre\Microcontroladores Aplicados a la Industria\POV_CLK.X\Reloj.asm
animation_delay_counter_1   0x000025       data     static D:\Documents\UVG\2016\7mo Semestre\Microcontroladores Aplicados a la Industria\POV_CLK.X\Reloj.asm
                animation   0x000026       data     static D:\Documents\UVG\2016\7mo Semestre\Microcontroladores Aplicados a la Industria\POV_CLK.X\Reloj.asm


