MPLINK 5.08, LINKER
Linker Map File - Created Thu Mar 03 13:46:33 2016

                                 Section Info
                  Section       Type    Address   Location Size(Bytes)
                ---------  ---------  ---------  ---------  ---------
                   .org_0       code   0x000000    program   0x000004
                   .cinit    romdata   0x000002    program   0x000004
                   .org_1       code   0x000004    program   0x0001a0
.config_2007_BUILD/DEFAULT/PRODUCTION/RELOJ.O       code   0x002007    program   0x000002
               .udata_shr      udata   0x00000c       data   0x000014



                              Program Memory Usage 
                               Start         End      
                           ---------   ---------      
                            0x000000    0x0000d3      
                            0x002007    0x002007      
            213 out of 1094 program addresses used, program memory utilization is 19%



                              Symbols - Sorted by Name
                     Name    Address   Location    Storage File                     
                ---------  ---------  ---------  --------- ---------                
              CHECK_ALARM   0x0000c9    program     static D:\Documents\UVG\2016\7mo Semestre\Microcontroladores Aplicados a la Industria\POV_CLK.X\Reloj.asm
        CHECK_ALARM_STATE   0x000035    program     static D:\Documents\UVG\2016\7mo Semestre\Microcontroladores Aplicados a la Industria\POV_CLK.X\Reloj.asm
          CHECK_HOURS_INC   0x00003f    program     static D:\Documents\UVG\2016\7mo Semestre\Microcontroladores Aplicados a la Industria\POV_CLK.X\Reloj.asm
        CHECK_MINUTES_INC   0x00003d    program     static D:\Documents\UVG\2016\7mo Semestre\Microcontroladores Aplicados a la Industria\POV_CLK.X\Reloj.asm
               CHECK_MODE   0x00002d    program     static D:\Documents\UVG\2016\7mo Semestre\Microcontroladores Aplicados a la Industria\POV_CLK.X\Reloj.asm
   COLUMN_COUNTER_CONTROL   0x00000f    program     static D:\Documents\UVG\2016\7mo Semestre\Microcontroladores Aplicados a la Industria\POV_CLK.X\Reloj.asm
     COLUMN_INDEX_CONTROL   0x000018    program     static D:\Documents\UVG\2016\7mo Semestre\Microcontroladores Aplicados a la Industria\POV_CLK.X\Reloj.asm
        COUNTER_INCREMENT   0x000014    program     static D:\Documents\UVG\2016\7mo Semestre\Microcontroladores Aplicados a la Industria\POV_CLK.X\Reloj.asm
            COUNTER_RESET   0x000016    program     static D:\Documents\UVG\2016\7mo Semestre\Microcontroladores Aplicados a la Industria\POV_CLK.X\Reloj.asm
            HOURS_DISPLAY   0x00005b    program     static D:\Documents\UVG\2016\7mo Semestre\Microcontroladores Aplicados a la Industria\POV_CLK.X\Reloj.asm
          HOURS_INCREMENT   0x00005b    program     static D:\Documents\UVG\2016\7mo Semestre\Microcontroladores Aplicados a la Industria\POV_CLK.X\Reloj.asm
    HOURS_INCREMENT_ALARM   0x000065    program     static D:\Documents\UVG\2016\7mo Semestre\Microcontroladores Aplicados a la Industria\POV_CLK.X\Reloj.asm
          INDEX_INCREMENT   0x00001d    program     static D:\Documents\UVG\2016\7mo Semestre\Microcontroladores Aplicados a la Industria\POV_CLK.X\Reloj.asm
              INDEX_RESET   0x00001f    program     static D:\Documents\UVG\2016\7mo Semestre\Microcontroladores Aplicados a la Industria\POV_CLK.X\Reloj.asm
              MAINPROGRAM   0x000092    program     static D:\Documents\UVG\2016\7mo Semestre\Microcontroladores Aplicados a la Industria\POV_CLK.X\Reloj.asm
          MINUTES_DISPLAY   0x000049    program     static D:\Documents\UVG\2016\7mo Semestre\Microcontroladores Aplicados a la Industria\POV_CLK.X\Reloj.asm
        MINUTES_INCREMENT   0x000049    program     static D:\Documents\UVG\2016\7mo Semestre\Microcontroladores Aplicados a la Industria\POV_CLK.X\Reloj.asm
  MINUTES_INCREMENT_ALARM   0x000053    program     static D:\Documents\UVG\2016\7mo Semestre\Microcontroladores Aplicados a la Industria\POV_CLK.X\Reloj.asm
                      POP   0x00006c    program     static D:\Documents\UVG\2016\7mo Semestre\Microcontroladores Aplicados a la Industria\POV_CLK.X\Reloj.asm
                     PUSH   0x000004    program     static D:\Documents\UVG\2016\7mo Semestre\Microcontroladores Aplicados a la Industria\POV_CLK.X\Reloj.asm
                      RBI   0x00002a    program     static D:\Documents\UVG\2016\7mo Semestre\Microcontroladores Aplicados a la Industria\POV_CLK.X\Reloj.asm
          SECONDS_CONTROL   0x000021    program     static D:\Documents\UVG\2016\7mo Semestre\Microcontroladores Aplicados a la Industria\POV_CLK.X\Reloj.asm
          SECONDS_DISPLAY   0x000042    program     static D:\Documents\UVG\2016\7mo Semestre\Microcontroladores Aplicados a la Industria\POV_CLK.X\Reloj.asm
        SECONDS_INCREMENT   0x000042    program     static D:\Documents\UVG\2016\7mo Semestre\Microcontroladores Aplicados a la Industria\POV_CLK.X\Reloj.asm
                    SETUP   0x000074    program     static D:\Documents\UVG\2016\7mo Semestre\Microcontroladores Aplicados a la Industria\POV_CLK.X\Reloj.asm
              SPLIT_HOURS   0x0000b9    program     static D:\Documents\UVG\2016\7mo Semestre\Microcontroladores Aplicados a la Industria\POV_CLK.X\Reloj.asm
       SPLIT_HOURS_BORROW   0x0000c6    program     static D:\Documents\UVG\2016\7mo Semestre\Microcontroladores Aplicados a la Industria\POV_CLK.X\Reloj.asm
         SPLIT_HOURS_LOOP   0x0000bc    program     static D:\Documents\UVG\2016\7mo Semestre\Microcontroladores Aplicados a la Industria\POV_CLK.X\Reloj.asm
         SPLIT_HOURS_ZERO   0x0000c4    program     static D:\Documents\UVG\2016\7mo Semestre\Microcontroladores Aplicados a la Industria\POV_CLK.X\Reloj.asm
            SPLIT_MINUTES   0x0000a9    program     static D:\Documents\UVG\2016\7mo Semestre\Microcontroladores Aplicados a la Industria\POV_CLK.X\Reloj.asm
     SPLIT_MINUTES_BORROW   0x0000b6    program     static D:\Documents\UVG\2016\7mo Semestre\Microcontroladores Aplicados a la Industria\POV_CLK.X\Reloj.asm
       SPLIT_MINUTES_LOOP   0x0000ac    program     static D:\Documents\UVG\2016\7mo Semestre\Microcontroladores Aplicados a la Industria\POV_CLK.X\Reloj.asm
       SPLIT_MINUTES_ZERO   0x0000b4    program     static D:\Documents\UVG\2016\7mo Semestre\Microcontroladores Aplicados a la Industria\POV_CLK.X\Reloj.asm
            SPLIT_SECONDS   0x000099    program     static D:\Documents\UVG\2016\7mo Semestre\Microcontroladores Aplicados a la Industria\POV_CLK.X\Reloj.asm
     SPLIT_SECONDS_BORROW   0x0000a6    program     static D:\Documents\UVG\2016\7mo Semestre\Microcontroladores Aplicados a la Industria\POV_CLK.X\Reloj.asm
       SPLIT_SECONDS_LOOP   0x00009c    program     static D:\Documents\UVG\2016\7mo Semestre\Microcontroladores Aplicados a la Industria\POV_CLK.X\Reloj.asm
       SPLIT_SECONDS_ZERO   0x0000a4    program     static D:\Documents\UVG\2016\7mo Semestre\Microcontroladores Aplicados a la Industria\POV_CLK.X\Reloj.asm
                 alarm_on   0x00003b    program     static D:\Documents\UVG\2016\7mo Semestre\Microcontroladores Aplicados a la Industria\POV_CLK.X\Reloj.asm
            alarm_setting   0x000033    program     static D:\Documents\UVG\2016\7mo Semestre\Microcontroladores Aplicados a la Industria\POV_CLK.X\Reloj.asm
              alarm_hours   0x000018       data     static D:\Documents\UVG\2016\7mo Semestre\Microcontroladores Aplicados a la Industria\POV_CLK.X\Reloj.asm
            alarm_minutes   0x000017       data     static D:\Documents\UVG\2016\7mo Semestre\Microcontroladores Aplicados a la Industria\POV_CLK.X\Reloj.asm
             alarm_status   0x000019       data     static D:\Documents\UVG\2016\7mo Semestre\Microcontroladores Aplicados a la Industria\POV_CLK.X\Reloj.asm
           column_counter   0x00001a       data     static D:\Documents\UVG\2016\7mo Semestre\Microcontroladores Aplicados a la Industria\POV_CLK.X\Reloj.asm
             column_index   0x00001b       data     static D:\Documents\UVG\2016\7mo Semestre\Microcontroladores Aplicados a la Industria\POV_CLK.X\Reloj.asm
            delay_counter   0x00000c       data     static D:\Documents\UVG\2016\7mo Semestre\Microcontroladores Aplicados a la Industria\POV_CLK.X\Reloj.asm
          delay_counter_1   0x00000d       data     static D:\Documents\UVG\2016\7mo Semestre\Microcontroladores Aplicados a la Industria\POV_CLK.X\Reloj.asm
                    hours   0x000014       data     static D:\Documents\UVG\2016\7mo Semestre\Microcontroladores Aplicados a la Industria\POV_CLK.X\Reloj.asm
                  hours_t   0x000015       data     static D:\Documents\UVG\2016\7mo Semestre\Microcontroladores Aplicados a la Industria\POV_CLK.X\Reloj.asm
                  hours_u   0x000016       data     static D:\Documents\UVG\2016\7mo Semestre\Microcontroladores Aplicados a la Industria\POV_CLK.X\Reloj.asm
                  minutes   0x000011       data     static D:\Documents\UVG\2016\7mo Semestre\Microcontroladores Aplicados a la Industria\POV_CLK.X\Reloj.asm
                minutes_t   0x000012       data     static D:\Documents\UVG\2016\7mo Semestre\Microcontroladores Aplicados a la Industria\POV_CLK.X\Reloj.asm
                minutes_u   0x000013       data     static D:\Documents\UVG\2016\7mo Semestre\Microcontroladores Aplicados a la Industria\POV_CLK.X\Reloj.asm
                  seconds   0x00000e       data     static D:\Documents\UVG\2016\7mo Semestre\Microcontroladores Aplicados a la Industria\POV_CLK.X\Reloj.asm
                seconds_t   0x00000f       data     static D:\Documents\UVG\2016\7mo Semestre\Microcontroladores Aplicados a la Industria\POV_CLK.X\Reloj.asm
                seconds_u   0x000010       data     static D:\Documents\UVG\2016\7mo Semestre\Microcontroladores Aplicados a la Industria\POV_CLK.X\Reloj.asm
                 stripe_1   0x00001c       data     static D:\Documents\UVG\2016\7mo Semestre\Microcontroladores Aplicados a la Industria\POV_CLK.X\Reloj.asm
                 stripe_2   0x00001d       data     static D:\Documents\UVG\2016\7mo Semestre\Microcontroladores Aplicados a la Industria\POV_CLK.X\Reloj.asm
                 stripe_3   0x00001e       data     static D:\Documents\UVG\2016\7mo Semestre\Microcontroladores Aplicados a la Industria\POV_CLK.X\Reloj.asm
                 stripe_4   0x00001f       data     static D:\Documents\UVG\2016\7mo Semestre\Microcontroladores Aplicados a la Industria\POV_CLK.X\Reloj.asm



                              Symbols - Sorted by Address
                     Name    Address   Location    Storage File                     
                ---------  ---------  ---------  --------- ---------                
                     PUSH   0x000004    program     static D:\Documents\UVG\2016\7mo Semestre\Microcontroladores Aplicados a la Industria\POV_CLK.X\Reloj.asm
   COLUMN_COUNTER_CONTROL   0x00000f    program     static D:\Documents\UVG\2016\7mo Semestre\Microcontroladores Aplicados a la Industria\POV_CLK.X\Reloj.asm
        COUNTER_INCREMENT   0x000014    program     static D:\Documents\UVG\2016\7mo Semestre\Microcontroladores Aplicados a la Industria\POV_CLK.X\Reloj.asm
            COUNTER_RESET   0x000016    program     static D:\Documents\UVG\2016\7mo Semestre\Microcontroladores Aplicados a la Industria\POV_CLK.X\Reloj.asm
     COLUMN_INDEX_CONTROL   0x000018    program     static D:\Documents\UVG\2016\7mo Semestre\Microcontroladores Aplicados a la Industria\POV_CLK.X\Reloj.asm
          INDEX_INCREMENT   0x00001d    program     static D:\Documents\UVG\2016\7mo Semestre\Microcontroladores Aplicados a la Industria\POV_CLK.X\Reloj.asm
              INDEX_RESET   0x00001f    program     static D:\Documents\UVG\2016\7mo Semestre\Microcontroladores Aplicados a la Industria\POV_CLK.X\Reloj.asm
          SECONDS_CONTROL   0x000021    program     static D:\Documents\UVG\2016\7mo Semestre\Microcontroladores Aplicados a la Industria\POV_CLK.X\Reloj.asm
                      RBI   0x00002a    program     static D:\Documents\UVG\2016\7mo Semestre\Microcontroladores Aplicados a la Industria\POV_CLK.X\Reloj.asm
               CHECK_MODE   0x00002d    program     static D:\Documents\UVG\2016\7mo Semestre\Microcontroladores Aplicados a la Industria\POV_CLK.X\Reloj.asm
            alarm_setting   0x000033    program     static D:\Documents\UVG\2016\7mo Semestre\Microcontroladores Aplicados a la Industria\POV_CLK.X\Reloj.asm
        CHECK_ALARM_STATE   0x000035    program     static D:\Documents\UVG\2016\7mo Semestre\Microcontroladores Aplicados a la Industria\POV_CLK.X\Reloj.asm
                 alarm_on   0x00003b    program     static D:\Documents\UVG\2016\7mo Semestre\Microcontroladores Aplicados a la Industria\POV_CLK.X\Reloj.asm
        CHECK_MINUTES_INC   0x00003d    program     static D:\Documents\UVG\2016\7mo Semestre\Microcontroladores Aplicados a la Industria\POV_CLK.X\Reloj.asm
          CHECK_HOURS_INC   0x00003f    program     static D:\Documents\UVG\2016\7mo Semestre\Microcontroladores Aplicados a la Industria\POV_CLK.X\Reloj.asm
        SECONDS_INCREMENT   0x000042    program     static D:\Documents\UVG\2016\7mo Semestre\Microcontroladores Aplicados a la Industria\POV_CLK.X\Reloj.asm
          SECONDS_DISPLAY   0x000042    program     static D:\Documents\UVG\2016\7mo Semestre\Microcontroladores Aplicados a la Industria\POV_CLK.X\Reloj.asm
          MINUTES_DISPLAY   0x000049    program     static D:\Documents\UVG\2016\7mo Semestre\Microcontroladores Aplicados a la Industria\POV_CLK.X\Reloj.asm
        MINUTES_INCREMENT   0x000049    program     static D:\Documents\UVG\2016\7mo Semestre\Microcontroladores Aplicados a la Industria\POV_CLK.X\Reloj.asm
  MINUTES_INCREMENT_ALARM   0x000053    program     static D:\Documents\UVG\2016\7mo Semestre\Microcontroladores Aplicados a la Industria\POV_CLK.X\Reloj.asm
          HOURS_INCREMENT   0x00005b    program     static D:\Documents\UVG\2016\7mo Semestre\Microcontroladores Aplicados a la Industria\POV_CLK.X\Reloj.asm
            HOURS_DISPLAY   0x00005b    program     static D:\Documents\UVG\2016\7mo Semestre\Microcontroladores Aplicados a la Industria\POV_CLK.X\Reloj.asm
    HOURS_INCREMENT_ALARM   0x000065    program     static D:\Documents\UVG\2016\7mo Semestre\Microcontroladores Aplicados a la Industria\POV_CLK.X\Reloj.asm
                      POP   0x00006c    program     static D:\Documents\UVG\2016\7mo Semestre\Microcontroladores Aplicados a la Industria\POV_CLK.X\Reloj.asm
                    SETUP   0x000074    program     static D:\Documents\UVG\2016\7mo Semestre\Microcontroladores Aplicados a la Industria\POV_CLK.X\Reloj.asm
              MAINPROGRAM   0x000092    program     static D:\Documents\UVG\2016\7mo Semestre\Microcontroladores Aplicados a la Industria\POV_CLK.X\Reloj.asm
            SPLIT_SECONDS   0x000099    program     static D:\Documents\UVG\2016\7mo Semestre\Microcontroladores Aplicados a la Industria\POV_CLK.X\Reloj.asm
       SPLIT_SECONDS_LOOP   0x00009c    program     static D:\Documents\UVG\2016\7mo Semestre\Microcontroladores Aplicados a la Industria\POV_CLK.X\Reloj.asm
       SPLIT_SECONDS_ZERO   0x0000a4    program     static D:\Documents\UVG\2016\7mo Semestre\Microcontroladores Aplicados a la Industria\POV_CLK.X\Reloj.asm
     SPLIT_SECONDS_BORROW   0x0000a6    program     static D:\Documents\UVG\2016\7mo Semestre\Microcontroladores Aplicados a la Industria\POV_CLK.X\Reloj.asm
            SPLIT_MINUTES   0x0000a9    program     static D:\Documents\UVG\2016\7mo Semestre\Microcontroladores Aplicados a la Industria\POV_CLK.X\Reloj.asm
       SPLIT_MINUTES_LOOP   0x0000ac    program     static D:\Documents\UVG\2016\7mo Semestre\Microcontroladores Aplicados a la Industria\POV_CLK.X\Reloj.asm
       SPLIT_MINUTES_ZERO   0x0000b4    program     static D:\Documents\UVG\2016\7mo Semestre\Microcontroladores Aplicados a la Industria\POV_CLK.X\Reloj.asm
     SPLIT_MINUTES_BORROW   0x0000b6    program     static D:\Documents\UVG\2016\7mo Semestre\Microcontroladores Aplicados a la Industria\POV_CLK.X\Reloj.asm
              SPLIT_HOURS   0x0000b9    program     static D:\Documents\UVG\2016\7mo Semestre\Microcontroladores Aplicados a la Industria\POV_CLK.X\Reloj.asm
         SPLIT_HOURS_LOOP   0x0000bc    program     static D:\Documents\UVG\2016\7mo Semestre\Microcontroladores Aplicados a la Industria\POV_CLK.X\Reloj.asm
         SPLIT_HOURS_ZERO   0x0000c4    program     static D:\Documents\UVG\2016\7mo Semestre\Microcontroladores Aplicados a la Industria\POV_CLK.X\Reloj.asm
       SPLIT_HOURS_BORROW   0x0000c6    program     static D:\Documents\UVG\2016\7mo Semestre\Microcontroladores Aplicados a la Industria\POV_CLK.X\Reloj.asm
              CHECK_ALARM   0x0000c9    program     static D:\Documents\UVG\2016\7mo Semestre\Microcontroladores Aplicados a la Industria\POV_CLK.X\Reloj.asm
            delay_counter   0x00000c       data     static D:\Documents\UVG\2016\7mo Semestre\Microcontroladores Aplicados a la Industria\POV_CLK.X\Reloj.asm
          delay_counter_1   0x00000d       data     static D:\Documents\UVG\2016\7mo Semestre\Microcontroladores Aplicados a la Industria\POV_CLK.X\Reloj.asm
                  seconds   0x00000e       data     static D:\Documents\UVG\2016\7mo Semestre\Microcontroladores Aplicados a la Industria\POV_CLK.X\Reloj.asm
                seconds_t   0x00000f       data     static D:\Documents\UVG\2016\7mo Semestre\Microcontroladores Aplicados a la Industria\POV_CLK.X\Reloj.asm
                seconds_u   0x000010       data     static D:\Documents\UVG\2016\7mo Semestre\Microcontroladores Aplicados a la Industria\POV_CLK.X\Reloj.asm
                  minutes   0x000011       data     static D:\Documents\UVG\2016\7mo Semestre\Microcontroladores Aplicados a la Industria\POV_CLK.X\Reloj.asm
                minutes_t   0x000012       data     static D:\Documents\UVG\2016\7mo Semestre\Microcontroladores Aplicados a la Industria\POV_CLK.X\Reloj.asm
                minutes_u   0x000013       data     static D:\Documents\UVG\2016\7mo Semestre\Microcontroladores Aplicados a la Industria\POV_CLK.X\Reloj.asm
                    hours   0x000014       data     static D:\Documents\UVG\2016\7mo Semestre\Microcontroladores Aplicados a la Industria\POV_CLK.X\Reloj.asm
                  hours_t   0x000015       data     static D:\Documents\UVG\2016\7mo Semestre\Microcontroladores Aplicados a la Industria\POV_CLK.X\Reloj.asm
                  hours_u   0x000016       data     static D:\Documents\UVG\2016\7mo Semestre\Microcontroladores Aplicados a la Industria\POV_CLK.X\Reloj.asm
            alarm_minutes   0x000017       data     static D:\Documents\UVG\2016\7mo Semestre\Microcontroladores Aplicados a la Industria\POV_CLK.X\Reloj.asm
              alarm_hours   0x000018       data     static D:\Documents\UVG\2016\7mo Semestre\Microcontroladores Aplicados a la Industria\POV_CLK.X\Reloj.asm
             alarm_status   0x000019       data     static D:\Documents\UVG\2016\7mo Semestre\Microcontroladores Aplicados a la Industria\POV_CLK.X\Reloj.asm
           column_counter   0x00001a       data     static D:\Documents\UVG\2016\7mo Semestre\Microcontroladores Aplicados a la Industria\POV_CLK.X\Reloj.asm
             column_index   0x00001b       data     static D:\Documents\UVG\2016\7mo Semestre\Microcontroladores Aplicados a la Industria\POV_CLK.X\Reloj.asm
                 stripe_1   0x00001c       data     static D:\Documents\UVG\2016\7mo Semestre\Microcontroladores Aplicados a la Industria\POV_CLK.X\Reloj.asm
                 stripe_2   0x00001d       data     static D:\Documents\UVG\2016\7mo Semestre\Microcontroladores Aplicados a la Industria\POV_CLK.X\Reloj.asm
                 stripe_3   0x00001e       data     static D:\Documents\UVG\2016\7mo Semestre\Microcontroladores Aplicados a la Industria\POV_CLK.X\Reloj.asm
                 stripe_4   0x00001f       data     static D:\Documents\UVG\2016\7mo Semestre\Microcontroladores Aplicados a la Industria\POV_CLK.X\Reloj.asm


